plugin_register tokenizers/mecab_ko
[[0,0.0,0.0],true]
tokenize TokenMeCabKo '값없는 삶을 읽다'
[
  [
    0,
    0.0,
    0.0
  ],
  [
    {
      "value": "값",
      "position": 0,
      "force_prefix": false,
      "force_prefix_search": false
    },
    {
      "value": "없",
      "position": 1,
      "force_prefix": false,
      "force_prefix_search": false
    },
    {
      "value": "는",
      "position": 2,
      "force_prefix": false,
      "force_prefix_search": false
    },
    {
      "value": "삶",
      "position": 3,
      "force_prefix": false,
      "force_prefix_search": false
    },
    {
      "value": "을",
      "position": 4,
      "force_prefix": false,
      "force_prefix_search": false
    },
    {
      "value": "읽",
      "position": 5,
      "force_prefix": false,
      "force_prefix_search": false
    },
    {
      "value": "다",
      "position": 6,
      "force_prefix": false,
      "force_prefix_search": false
    }
  ]
]
