plugin_register tokenizers/mecab_ko
[[0,0.0,0.0],true]
tokenize TokenMeCabKo 'test@example.com으로 보내세요'
[
  [
    0,
    0.0,
    0.0
  ],
  [
    {
      "value": "test",
      "position": 0,
      "force_prefix": false,
      "force_prefix_search": false
    },
    {
      "value": "@",
      "position": 1,
      "force_prefix": false,
      "force_prefix_search": false
    },
    {
      "value": "example",
      "position": 2,
      "force_prefix": false,
      "force_prefix_search": false
    },
    {
      "value": ".",
      "position": 3,
      "force_prefix": false,
      "force_prefix_search": false
    },
    {
      "value": "com",
      "position": 4,
      "force_prefix": false,
      "force_prefix_search": false
    },
    {
      "value": "으로",
      "position": 5,
      "force_prefix": false,
      "force_prefix_search": false
    },
    {
      "value": "보내",
      "position": 6,
      "force_prefix": false,
      "force_prefix_search": false
    },
    {
      "value": "세요",
      "position": 7,
      "force_prefix": false,
      "force_prefix_search": false
    }
  ]
]
