plugin_register tokenizers/mecab_ko
[[0,0.0,0.0],true]
tokenize TokenMeCabKo '선생님께서 학생들에게 말씀하셨습니다'
[
  [
    0,
    0.0,
    0.0
  ],
  [
    {
      "value": "선생",
      "position": 0,
      "force_prefix": false,
      "force_prefix_search": false
    },
    {
      "value": "님",
      "position": 1,
      "force_prefix": false,
      "force_prefix_search": false
    },
    {
      "value": "께서",
      "position": 2,
      "force_prefix": false,
      "force_prefix_search": false
    },
    {
      "value": "학생",
      "position": 3,
      "force_prefix": false,
      "force_prefix_search": false
    },
    {
      "value": "들",
      "position": 4,
      "force_prefix": false,
      "force_prefix_search": false
    },
    {
      "value": "에게",
      "position": 5,
      "force_prefix": false,
      "force_prefix_search": false
    },
    {
      "value": "말씀",
      "position": 6,
      "force_prefix": false,
      "force_prefix_search": false
    },
    {
      "value": "하",
      "position": 7,
      "force_prefix": false,
      "force_prefix_search": false
    },
    {
      "value": "셨",
      "position": 8,
      "force_prefix": false,
      "force_prefix_search": false
    },
    {
      "value": "습니다",
      "position": 9,
      "force_prefix": false,
      "force_prefix_search": false
    }
  ]
]
