plugin_register tokenizers/mecab_ko
[[0,0.0,0.0],true]
tokenize TokenMeCabKo 'ㄱㄱ ㅇㅋ 갑분싸 ㅎㅇ'
[
  [
    0,
    0.0,
    0.0
  ],
  [
    {
      "value": "ㄱ",
      "position": 0,
      "force_prefix": false,
      "force_prefix_search": false
    },
    {
      "value": "ㄱ",
      "position": 1,
      "force_prefix": false,
      "force_prefix_search": false
    },
    {
      "value": "ㅇㅋ",
      "position": 2,
      "force_prefix": false,
      "force_prefix_search": false
    },
    {
      "value": "갑",
      "position": 3,
      "force_prefix": false,
      "force_prefix_search": false
    },
    {
      "value": "분",
      "position": 4,
      "force_prefix": false,
      "force_prefix_search": false
    },
    {
      "value": "싸",
      "position": 5,
      "force_prefix": false,
      "force_prefix_search": false
    },
    {
      "value": "ㅎ",
      "position": 6,
      "force_prefix": false,
      "force_prefix_search": false
    },
    {
      "value": "ㅇ",
      "position": 7,
      "force_prefix": false,
      "force_prefix_search": false
    }
  ]
]
