plugin_register tokenizers/mecab_ko
[[0,0.0,0.0],true]
tokenize TokenMeCabKo '국제연합교육과학문화기구'
[
  [
    0,
    0.0,
    0.0
  ],
  [
    {
      "value": "국제",
      "position": 0,
      "force_prefix": false,
      "force_prefix_search": false
    },
    {
      "value": "연합",
      "position": 1,
      "force_prefix": false,
      "force_prefix_search": false
    },
    {
      "value": "교육",
      "position": 2,
      "force_prefix": false,
      "force_prefix_search": false
    },
    {
      "value": "과",
      "position": 3,
      "force_prefix": false,
      "force_prefix_search": false
    },
    {
      "value": "학문",
      "position": 4,
      "force_prefix": false,
      "force_prefix_search": false
    },
    {
      "value": "화",
      "position": 5,
      "force_prefix": false,
      "force_prefix_search": false
    },
    {
      "value": "기구",
      "position": 6,
      "force_prefix": false,
      "force_prefix_search": false
    }
  ]
]
