plugin_register tokenizers/mecab_ko
[[0,0.0,0.0],true]
tokenize TokenMeCabKo 'I love 한국'
[
  [
    0,
    0.0,
    0.0
  ],
  [
    {
      "value": "I",
      "position": 0,
      "force_prefix": false,
      "force_prefix_search": false
    },
    {
      "value": "love",
      "position": 1,
      "force_prefix": false,
      "force_prefix_search": false
    },
    {
      "value": "한국",
      "position": 2,
      "force_prefix": false,
      "force_prefix_search": false
    }
  ]
]
