plugin_register tokenizers/mecab_ko
[[0,0.0,0.0],true]
tokenize TokenMeCabKo '100원짜리 아이스크림 3개를 샀다'
[
  [
    0,
    0.0,
    0.0
  ],
  [
    {
      "value": "100",
      "position": 0,
      "force_prefix": false,
      "force_prefix_search": false
    },
    {
      "value": "원",
      "position": 1,
      "force_prefix": false,
      "force_prefix_search": false
    },
    {
      "value": "짜리",
      "position": 2,
      "force_prefix": false,
      "force_prefix_search": false
    },
    {
      "value": "아이스크림",
      "position": 3,
      "force_prefix": false,
      "force_prefix_search": false
    },
    {
      "value": "3",
      "position": 4,
      "force_prefix": false,
      "force_prefix_search": false
    },
    {
      "value": "개",
      "position": 5,
      "force_prefix": false,
      "force_prefix_search": false
    },
    {
      "value": "를",
      "position": 6,
      "force_prefix": false,
      "force_prefix_search": false
    },
    {
      "value": "샀",
      "position": 7,
      "force_prefix": false,
      "force_prefix_search": false
    },
    {
      "value": "다",
      "position": 8,
      "force_prefix": false,
      "force_prefix_search": false
    }
  ]
]
