plugin_register tokenizers/mecab_ko
[[0,0.0,0.0],true]
tokenize TokenMeCabKo '2024년 3월 15일'
[
  [
    0,
    0.0,
    0.0
  ],
  [
    {
      "value": "2024",
      "position": 0,
      "force_prefix": false,
      "force_prefix_search": false
    },
    {
      "value": "년",
      "position": 1,
      "force_prefix": false,
      "force_prefix_search": false
    },
    {
      "value": "3",
      "position": 2,
      "force_prefix": false,
      "force_prefix_search": false
    },
    {
      "value": "월",
      "position": 3,
      "force_prefix": false,
      "force_prefix_search": false
    },
    {
      "value": "15",
      "position": 4,
      "force_prefix": false,
      "force_prefix_search": false
    },
    {
      "value": "일",
      "position": 5,
      "force_prefix": false,
      "force_prefix_search": false
    }
  ]
]
