plugin_register tokenizers/mecab_ko
[[0,0.0,0.0],true]
tokenize TokenMeCabKo '아이에게 밥을 먹이고 옷을 입히다'
[
  [
    0,
    0.0,
    0.0
  ],
  [
    {
      "value": "아이",
      "position": 0,
      "force_prefix": false,
      "force_prefix_search": false
    },
    {
      "value": "에게",
      "position": 1,
      "force_prefix": false,
      "force_prefix_search": false
    },
    {
      "value": "밥",
      "position": 2,
      "force_prefix": false,
      "force_prefix_search": false
    },
    {
      "value": "을",
      "position": 3,
      "force_prefix": false,
      "force_prefix_search": false
    },
    {
      "value": "먹이",
      "position": 4,
      "force_prefix": false,
      "force_prefix_search": false
    },
    {
      "value": "고",
      "position": 5,
      "force_prefix": false,
      "force_prefix_search": false
    },
    {
      "value": "옷",
      "position": 6,
      "force_prefix": false,
      "force_prefix_search": false
    },
    {
      "value": "을",
      "position": 7,
      "force_prefix": false,
      "force_prefix_search": false
    },
    {
      "value": "입히",
      "position": 8,
      "force_prefix": false,
      "force_prefix_search": false
    },
    {
      "value": "다",
      "position": 9,
      "force_prefix": false,
      "force_prefix_search": false
    }
  ]
]
