plugin_register tokenizers/mecab_ko
[[0,0.0,0.0],true]
tokenize TokenMeCabKo '서울특별시 강남구'
[
  [
    0,
    0.0,
    0.0
  ],
  [
    {
      "value": "서울특별시",
      "position": 0,
      "force_prefix": false,
      "force_prefix_search": false
    },
    {
      "value": "강남구",
      "position": 1,
      "force_prefix": false,
      "force_prefix_search": false
    }
  ]
]
