plugin_register tokenizers/mecab_ko
[[0,0.0,0.0],true]
tokenize TokenMeCabKo '가자 가자 가자'
[
  [
    0,
    0.0,
    0.0
  ],
  [
    {
      "value": "가",
      "position": 0,
      "force_prefix": false,
      "force_prefix_search": false
    },
    {
      "value": "자",
      "position": 1,
      "force_prefix": false,
      "force_prefix_search": false
    },
    {
      "value": "가",
      "position": 2,
      "force_prefix": false,
      "force_prefix_search": false
    },
    {
      "value": "자",
      "position": 3,
      "force_prefix": false,
      "force_prefix_search": false
    },
    {
      "value": "가",
      "position": 4,
      "force_prefix": false,
      "force_prefix_search": false
    },
    {
      "value": "자",
      "position": 5,
      "force_prefix": false,
      "force_prefix_search": false
    }
  ]
]
