plugin_register tokenizers/mecab_ko
[[0,0.0,0.0],true]
tokenize TokenMeCabKo '제1조 제2항 제3호'
[
  [
    0,
    0.0,
    0.0
  ],
  [
    {
      "value": "제",
      "position": 0,
      "force_prefix": false,
      "force_prefix_search": false
    },
    {
      "value": "1",
      "position": 1,
      "force_prefix": false,
      "force_prefix_search": false
    },
    {
      "value": "조",
      "position": 2,
      "force_prefix": false,
      "force_prefix_search": false
    },
    {
      "value": "제",
      "position": 3,
      "force_prefix": false,
      "force_prefix_search": false
    },
    {
      "value": "2",
      "position": 4,
      "force_prefix": false,
      "force_prefix_search": false
    },
    {
      "value": "항",
      "position": 5,
      "force_prefix": false,
      "force_prefix_search": false
    },
    {
      "value": "제",
      "position": 6,
      "force_prefix": false,
      "force_prefix_search": false
    },
    {
      "value": "3",
      "position": 7,
      "force_prefix": false,
      "force_prefix_search": false
    },
    {
      "value": "호",
      "position": 8,
      "force_prefix": false,
      "force_prefix_search": false
    }
  ]
]
